223 примеров: 100 слабых, 123 негативов; ошибок источников в строках: 0
# Эксперименты

Выборка: 223 примеров — 100 слабых сигналов датасета и 123 негативов (зрелые технологии, хайп, общие понятия, трудные зрелые). Все оценки получены вне обучающей выборки: по схемам, указанным в таблице ниже. Сравнено конфигураций модели: 19.

## 1. Главная оценка детектора

| Схема проверки | Accuracy | Precision | Recall | F1 | ROC AUC (справка) |
|---|---|---|---|---|---|
| Валидация по ТЗ: 5 фолдов × 3 повтора, стратифицированная | 78.0% | 71.8% | 84.0% | 77.4% | 0.860 |
| Жёсткая проверка: модель не видела тему (leave-one-theme-out) | 77.6% | 71.9% | 82.0% | 76.6% | 0.835 |
| Ориентир: «всё — слабый сигнал» | 44.8% | 44.8% | 100.0% | 61.9% | 0.500 |
| Ориентир: «ничего не сигнал» | 55.2% | — | 0.0% | 0.0% | 0.500 |

Первая строка — стандартная валидация, о которой говорит ТЗ (порог 75–80%). Фолды и повторы фиксированы (random_state 0–2), результат воспроизводится. Оговорка: в датасете есть почти дубли (нейроморфные чипы, федеративное обучение, орбитальные вычисления и др.), поэтому первая строка слегка оптимистична. Вторая строка — жёсткая проверка на теме, которую модель не видела; показываем её рядом, а не прячем. Ориентиры: в выборке слабых сигналов 44.8%, а система, объявляющая слабым всё подряд, уже даёт F1 61.9%.

## 2. Абляция: какие группы признаков отделяют сигнал от шума

| Группа | Признаков | F1 без группы | Потеря F1 | F1 только на группе | AUC только на группе |
|---|---|---|---|---|---|
| Наука (OpenAlex) | 4 | 74.9% | +1.7 п. п. | 77.9% | 0.819 |
| Динамика новостей | 4 | 76.3% | +0.4 п. п. | 71.6% | 0.787 |
| Структура источников и деньги | 4 | 75.1% | +1.5 п. п. | 63.6% | 0.704 |
| Код (GitHub) | 2 | 73.6% | +3.1 п. п. | 73.8% | 0.797 |
| Зрелость (Википедия, рынок) | 2 | 77.4% | -0.7 п. п. | 68.4% | 0.638 |

## 3. Калибровка: можно ли верить метке «High ≥75%»

| Интервал уверенности | Примеров | Средняя уверенность | Доля настоящих сигналов |
|---|---|---|---|
| 0.00–0.20 | 74 | 6.7% | 10.8% |
| 0.20–0.40 | 26 | 29.9% | 30.8% |
| 0.40–0.60 | 22 | 50.5% | 45.5% |
| 0.60–0.75 | 21 | 67.5% | 57.1% |
| 0.75–0.90 | 69 | 82.7% | 76.8% |
| 0.90–1.00 | 11 | 94.0% | 81.8% |

ECE = 0.054, Brier = 0.165. Среди 80 примеров с уверенностью ≥75% настоящими сигналами оказались 77.5%.

## 4. Порог отнесения к слабым сигналам

| Порог | Accuracy | Precision | Recall | F1 |
|---|---|---|---|---|
| 0.4 | 75.3% | 68.3% | 84.0% | 75.3% |
| 0.5 | 77.6% | 71.9% | 82.0% | 76.6% |
| 0.6 | 76.2% | 73.3% | 74.0% | 73.6% |
| 0.7 | 76.7% | 77.9% | 67.0% | 72.0% |
| 0.75 | 74.9% | 77.5% | 62.0% | 68.9% |
| 0.8 | 70.9% | 78.7% | 48.0% | 59.6% |
| 0.9 | 58.3% | 81.8% | 9.0% | 16.2% |

## 5. Ошибки по типам примеров

| Тип | Примеров | Доля верных | Что измеряет |
|---|---|---|---|
| зрелая | 81 | 85.2% | specificity (отсеян) |
| зрелая-трудная | 25 | 40.0% | specificity (отсеян) |
| общее | 6 | 100.0% | specificity (отсеян) |
| слабый сигнал | 100 | 82.0% | recall (найден как сигнал) |
| хайп | 11 | 54.5% | specificity (отсеян) |

## 6. Ранжирование в пуле темы (при идеальном извлечении кандидатов)

Пул темы = её слабые сигналы + негативы; берём 15 лучших по уверенности. Это верхняя оценка шага отбора, а не сквозной результат: настоящие кандидаты придёт искать поиск.

| Тема | Пул | Сигналов | Детектор в топ-15 | Ручные веса | Только рост новостей | Случайно | Recall@15 | AP |
|---|---|---|---|---|---|---|---|---|
| Edge | 36 | 16 | 13 | 12 | 10 | 6.7 | 81.2% | 0.89 |
| Защита ИИ | 36 | 16 | 12 | 14 | 8 | 6.7 | 75.0% | 0.83 |
| Индустриальный ИИ | 36 | 17 | 13 | 11 | 8 | 7.1 | 76.5% | 0.86 |
| Инфраструктура ИИ | 41 | 17 | 9 | 10 | 9 | 6.2 | 52.9% | 0.61 |
| Роботы | 35 | 17 | 11 | 10 | 12 | 7.3 | 64.7% | 0.79 |
| Финтех | 39 | 17 | 13 | 12 | 11 | 6.5 | 76.5% | 0.88 |

## 7. Стадия и тренд против разметки датасета

| Метод | Стадия точно | Стадия ±1 | Тренд | Балл ±1 |
|---|---|---|---|---|
| обученная модель | 25.0% | 59.0% | 60.0% | 65.0% |
| правило по лестнице зрелости | 19.0% | 62.0% | 66.0% | 57.0% |

## 8. Подбор регуляризации

| C | F1 | ROC AUC | Brier |
|---|---|---|---|
| 0.05 | 75.8% | 0.848 | 0.156 |
| 0.1 | 76.1% | 0.845 | 0.157 |
| 0.3 | 75.9% | 0.840 | 0.161 |
| 1.0 | 76.6% | 0.835 | 0.165 |
| 3.0 | 76.1% | 0.832 | 0.169 |

Подбор сделан на той же схеме проверки, поэтому выигрыш от него слегка оптимистичен.

## 9. Устойчивость к формулировке запроса

Те же технологии, найденные по другим фразам (шире / конкретнее). Δ — изменение уверенности.

| Вариант | Технологий | Среднее модуля Δ | Медиана модуля Δ | Сменили решение | Ср. уверенность: основная → вариант |
|---|---|---|---|---|---|
| alt1 | 24 | 0.45 | 0.45 | 15 | 0.72 → 0.31 |
| alt2 | 24 | 0.13 | 0.09 | 4 | 0.72 → 0.79 |

## Качество данных

Строк с ошибками источников: 0 из 223. Если их больше 10–15%, метрики занижены сбоями сбора, а не качеством детектора.

