223 примеров: 100 слабых, 123 негативов; ошибок источников в строках: 0
# Эксперименты

Выборка: 223 примеров — 100 слабых сигналов датасета и 123 негативов (зрелые технологии, хайп, общие понятия, трудные зрелые). Все оценки получены вне обучающей выборки: по схемам, указанным в таблице ниже. Сравнено конфигураций модели: 19.

## 1. Главная оценка детектора

| Схема проверки | Accuracy | Precision | Recall | F1 | ROC AUC (справка) |
|---|---|---|---|---|---|
| Валидация по ТЗ: 5 фолдов × 3 повтора, стратифицированная | 80.4% | 77.0% | 80.3% | 78.6% | 0.861 |
| Жёсткая проверка: модель не видела тему (leave-one-theme-out) | 78.9% | 76.2% | 77.0% | 76.6% | 0.848 |
| Ориентир: «всё — слабый сигнал» | 44.8% | 44.8% | 100.0% | 61.9% | 0.500 |
| Ориентир: «ничего не сигнал» | 55.2% | — | 0.0% | 0.0% | 0.500 |

Первая строка — стандартная валидация, о которой говорит ТЗ (порог 75–80%). Фолды и повторы фиксированы (random_state 0–2), результат воспроизводится. Оговорка: в датасете есть почти дубли (нейроморфные чипы, федеративное обучение, орбитальные вычисления и др.), поэтому первая строка слегка оптимистична. Вторая строка — жёсткая проверка на теме, которую модель не видела; показываем её рядом, а не прячем. Ориентиры: в выборке слабых сигналов 44.8%, а система, объявляющая слабым всё подряд, уже даёт F1 61.9%.

## 2. Абляция: какие группы признаков отделяют сигнал от шума

| Группа | Признаков | F1 без группы | Потеря F1 | F1 только на группе | AUC только на группе |
|---|---|---|---|---|---|
| Наука (OpenAlex) | 4 | 72.9% | +3.7 п. п. | 77.0% | 0.827 |
| Динамика новостей | 4 | 75.0% | +1.6 п. п. | 68.4% | 0.781 |
| Структура источников и деньги | 4 | 77.2% | -0.6 п. п. | 65.2% | 0.709 |
| Код (GitHub) | 2 | 72.1% | +4.5 п. п. | 68.4% | 0.790 |
| Зрелость (Википедия, рынок) | 2 | 75.0% | +1.6 п. п. | 0.0% | 0.639 |

## 3. Калибровка: можно ли верить метке «High ≥75%»

| Интервал уверенности | Примеров | Средняя уверенность | Доля настоящих сигналов |
|---|---|---|---|
| 0.00–0.20 | 59 | 9.7% | 5.1% |
| 0.20–0.40 | 37 | 29.1% | 27.0% |
| 0.40–0.60 | 26 | 52.1% | 38.5% |
| 0.60–0.75 | 45 | 69.5% | 73.3% |
| 0.75–0.90 | 53 | 80.1% | 77.4% |
| 0.90–1.00 | 3 | 93.1% | 100.0% |

ECE = 0.047, Brier = 0.156. Среди 56 примеров с уверенностью ≥75% настоящими сигналами оказались 78.6%.

## 4. Порог отнесения к слабым сигналам

| Порог | Accuracy | Precision | Recall | F1 |
|---|---|---|---|---|
| 0.4 | 76.2% | 68.5% | 87.0% | 76.7% |
| 0.5 | 76.2% | 69.7% | 83.0% | 75.8% |
| 0.6 | 78.9% | 76.2% | 77.0% | 76.6% |
| 0.64 | 77.1% | 76.9% | 70.0% | 73.3% |
| 0.7 | 75.3% | 77.8% | 63.0% | 69.6% |
| 0.75 | 69.5% | 78.6% | 44.0% | 56.4% |
| 0.8 | 62.8% | 77.4% | 24.0% | 36.6% |
| 0.9 | 56.5% | 100.0% | 3.0% | 5.8% |

## 5. Ошибки по типам примеров

| Тип | Примеров | Доля верных | Что измеряет |
|---|---|---|---|
| зрелая | 81 | 90.1% | specificity (отсеян) |
| зрелая-трудная | 25 | 56.0% | specificity (отсеян) |
| общее | 6 | 100.0% | specificity (отсеян) |
| слабый сигнал | 100 | 77.0% | recall (найден как сигнал) |
| хайп | 11 | 54.5% | specificity (отсеян) |

## 6. Ранжирование в пуле темы (при идеальном извлечении кандидатов)

Пул темы = её слабые сигналы + негативы; берём 15 лучших по уверенности. Это верхняя оценка шага отбора, а не сквозной результат: настоящие кандидаты придёт искать поиск.

| Тема | Пул | Сигналов | Детектор в топ-15 | Ручные веса | Только рост новостей | Случайно | Recall@15 | AP |
|---|---|---|---|---|---|---|---|---|
| Edge | 36 | 16 | 13 | 12 | 10 | 6.7 | 81.2% | 0.88 |
| Защита ИИ | 36 | 16 | 12 | 14 | 8 | 6.7 | 75.0% | 0.86 |
| Индустриальный ИИ | 36 | 17 | 13 | 11 | 8 | 7.1 | 76.5% | 0.85 |
| Инфраструктура ИИ | 41 | 17 | 10 | 10 | 9 | 6.2 | 58.8% | 0.72 |
| Роботы | 35 | 17 | 11 | 10 | 12 | 7.3 | 64.7% | 0.84 |
| Финтех | 39 | 17 | 12 | 12 | 11 | 6.5 | 70.6% | 0.83 |

## 7. Стадия и тренд против разметки датасета

| Метод | Стадия точно | Стадия ±1 | Тренд | Балл ±1 |
|---|---|---|---|---|
| обученная модель | 25.0% | 59.0% | 60.0% | 65.0% |
| правило по лестнице зрелости | 19.0% | 62.0% | 66.0% | 57.0% |

## 8. Подбор регуляризации

| C | F1 | ROC AUC | Brier |
|---|---|---|---|
| 0.05 | 76.6% | 0.848 | 0.156 |
| 0.1 | 75.0% | 0.843 | 0.158 |
| 0.3 | 74.3% | 0.837 | 0.163 |
| 1.0 | 73.9% | 0.823 | 0.172 |
| 3.0 | 74.5% | 0.817 | 0.176 |

Подбор сделан на той же схеме проверки, поэтому выигрыш от него слегка оптимистичен.

## 9. Устойчивость к формулировке запроса

Те же технологии, найденные по другим фразам (шире / конкретнее). Δ — изменение уверенности.

| Вариант | Технологий | Среднее модуля Δ | Медиана модуля Δ | Сменили решение | Ср. уверенность: основная → вариант |
|---|---|---|---|---|---|
| alt1 | 24 | 0.35 | 0.34 | 14 | 0.67 → 0.36 |
| alt2 | 24 | 0.13 | 0.08 | 5 | 0.67 → 0.76 |

## Качество данных

Строк с ошибками источников: 0 из 223. Если их больше 10–15%, метрики занижены сбоями сбора, а не качеством детектора.

