# Метрики детектора

## Валидация по ТЗ (стандартная: 5 фолдов × 3 повтора, стратифицированная, random_state 0–2)

| Accuracy | Precision | Recall | F1 |
|---|---|---|---|
| 78.6% | 75.7% | 77.0% | 76.4% |

В датасете есть почти дубли технологий (нейроморфные чипы, федеративное обучение и др.), поэтому цифра слегка оптимистична. Рядом приводится жёсткая проверка на неизвестной теме.

## Жёсткая проверка на неизвестной теме (leave-one-theme-out)

Выборка: 223 примеров (100 слабых сигналов из датасета, 123 негативов). Проверка: leave-one-theme-out — модель обучается на пяти темах и проверяется на шестой.

| Метрика | Детектор | Априорные веса (бейзлайн) |
|---|---|---|
| Accuracy | 75.3% | 70.0% |
| Precision (слабый сигнал) | 73.7% | — |
| Recall (слабый сигнал) | 70.0% | — |
| F1 | 71.8% | 72.2% |
| ROC AUC | 0.835 | — |

Матрица ошибок [[TN, FP], [FN, TP]]: [[98, 25], [30, 70]]

## Стадия и тренд против разметки датасета

- Стадия, точное совпадение: 25.0%; с допуском ±1: 59.0%
- Тренд (быстрый рост / рост): 60.0%
- Балл «стадия + тренд», точно: 27.0%; ±1: 65.0%

## По темам (тема не участвовала в обучении)

| Тема | n | Accuracy | Recall слабых |
|---|---|---|---|
| Edge | 36 | 77.8% | 81.2% |
| Защита ИИ | 36 | 72.2% | 56.2% |
| Индустриальный ИИ | 36 | 80.6% | 70.6% |
| Инфраструктура ИИ | 41 | 70.7% | 76.5% |
| Роботы | 35 | 68.6% | 47.1% |
| Финтех | 39 | 82.1% | 88.2% |

## Веса признаков (итоговая модель)

| Признак | Вес |
|---|---|
| Насыщенный новостной поток | -1.322 |
| Репозитории всего | -0.977 |
| Ускорение научных публикаций | +0.764 |
| Доля массовых СМИ | +0.498 |
| Упоминания рынка и лидеров | -0.400 |
| Доля пресс-релизов и агрегаторов | +0.337 |
| Возраст темы в науке | -0.322 |
| Независимость источников | -0.270 |
| Новости за 12 месяцев | +0.262 |
| Всплеск новостей (автомат Клейнберга) | +0.230 |
| Рост новостей год к году | +0.199 |
| Новости о раундах финансирования | +0.144 |
| Новые репозитории за год | -0.080 |
| Возраст статьи в Википедии | -0.042 |
| Объём научных публикаций | -0.031 |
| Доля публикаций за 2 года | -0.011 |
