# Метрики детектора

## Валидация по ТЗ (стандартная: 5 фолдов × 3 повтора, стратифицированная, random_state 0–2)

| Accuracy | Precision | Recall | F1 |
|---|---|---|---|
| 80.7% | 77.1% | 81.0% | 79.0% |

В датасете есть почти дубли технологий (нейроморфные чипы, федеративное обучение и др.), поэтому цифра слегка оптимистична. Рядом приводится жёсткая проверка на неизвестной теме.

## Жёсткая проверка на неизвестной теме (leave-one-theme-out)

Выборка: 223 примеров (100 слабых сигналов из датасета, 123 негативов). Проверка: leave-one-theme-out — модель обучается на пяти темах и проверяется на шестой.

| Метрика | Детектор | Априорные веса (бейзлайн) |
|---|---|---|
| Accuracy | 79.8% | 70.0% |
| Precision (слабый сигнал) | 76.7% | — |
| Recall (слабый сигнал) | 79.0% | — |
| F1 | 77.8% | 72.2% |
| ROC AUC | 0.848 | — |

Матрица ошибок [[TN, FP], [FN, TP]]: [[99, 24], [21, 79]]

## Стадия и тренд против разметки датасета

- Стадия, точное совпадение: 25.0%; с допуском ±1: 59.0%
- Тренд (быстрый рост / рост): 60.0%
- Балл «стадия + тренд», точно: 27.0%; ±1: 65.0%

## По темам (тема не участвовала в обучении)

| Тема | n | Accuracy | Recall слабых |
|---|---|---|---|
| Edge | 36 | 75.0% | 81.2% |
| Защита ИИ | 36 | 83.3% | 81.2% |
| Индустриальный ИИ | 36 | 86.1% | 82.4% |
| Инфраструктура ИИ | 41 | 75.6% | 82.4% |
| Роботы | 35 | 71.4% | 47.1% |
| Финтех | 39 | 87.2% | 100.0% |

## Веса признаков (итоговая модель)

| Признак | Вес |
|---|---|
| Ускорение научных публикаций | +0.412 |
| Насыщенный новостной поток | -0.318 |
| Репозитории всего | -0.315 |
| Новые репозитории за год | -0.251 |
| Объём научных публикаций | -0.248 |
| Рост новостей год к году | +0.241 |
| Упоминания рынка и лидеров | -0.224 |
| Новости о раундах финансирования | +0.151 |
| Доля пресс-релизов и агрегаторов | +0.120 |
| Возраст темы в науке | -0.120 |
| Новости за 12 месяцев | -0.113 |
| Доля массовых СМИ | +0.111 |
| Независимость источников | -0.109 |
| Доля публикаций за 2 года | +0.075 |
| Возраст статьи в Википедии | -0.066 |
| Всплеск новостей (автомат Клейнберга) | +0.033 |
