# Метрики детектора

## Валидация по ТЗ (стандартная: 5 фолдов × 3 повтора, стратифицированная, random_state 0–2)

| Accuracy | Precision | Recall | F1 |
|---|---|---|---|
| 80.4% | 77.0% | 80.3% | 78.6% |

Похожие технологии есть в нескольких темах. Поэтому проверка на случайных фолдах может дать завышенную оценку. Ниже дана проверка на новой теме.

## Проверка на новой теме (leave-one-theme-out)

Строк в выборке: 223. Слабых сигналов: 100. Негативов: 123. При проверке leave-one-theme-out модель обучалась на пяти темах и проверялась на шестой.

| Метрика | Детектор | Априорные веса (бейзлайн) |
|---|---|---|
| Accuracy | 78.9% | 70.0% |
| Precision (слабый сигнал) | 76.2% | нет оценки |
| Recall (слабый сигнал) | 77.0% | нет оценки |
| F1 | 76.6% | 72.2% |
| ROC AUC | 0.848 | нет оценки |

Матрица ошибок [[TN, FP], [FN, TP]]: [[99, 24], [23, 77]]

## Стадия и тренд против разметки датасета

- Стадия: точное совпадение 25.0%. Ошибка не больше 1: 59.0%.
- Тренд (быстрый рост / рост): 60.0%
- Балл «стадия + тренд»: точное совпадение 27.0%. Ошибка не больше 1: 65.0%.

## По темам (тема не участвовала в обучении)

| Тема | n | Accuracy | Recall слабых |
|---|---|---|---|
| Edge | 36 | 75.0% | 81.2% |
| Защита ИИ | 36 | 83.3% | 81.2% |
| Индустриальный ИИ | 36 | 86.1% | 82.4% |
| Инфраструктура ИИ | 41 | 73.2% | 76.5% |
| Роботы | 35 | 71.4% | 47.1% |
| Финтех | 39 | 84.6% | 94.1% |

## Веса признаков (итоговая модель)

| Признак | Вес |
|---|---|
| Ускорение научных публикаций | +0.418 |
| Репозитории всего | -0.313 |
| Насыщенный новостной поток | -0.299 |
| Новые репозитории за год | -0.248 |
| Объём научных публикаций | -0.244 |
| Рост новостей год к году | +0.244 |
| Упоминания рынка и лидеров | -0.227 |
| Новости о раундах финансирования | +0.162 |
| Возраст темы в науке | -0.116 |
| Доля пресс-релизов и агрегаторов | +0.114 |
| Независимость источников | -0.105 |
| Новости за 12 месяцев | -0.103 |
| Доля публикаций за 2 года | +0.070 |
| Возраст статьи в Википедии | -0.063 |
| Всплеск новостей (автомат Клейнберга) | +0.040 |
| Доля массовых СМИ | -0.001 |

Знаки восьми весов заданы при обучении. Эти знаки нельзя считать независимым выводом из данных. Вес доли массовых СМИ близок к нулю и почти не влияет на решение.
