# Метрики детектора

## Валидация по ТЗ (стандартная: 5 фолдов × 3 повтора, стратифицированная, random_state 0–2)

| Accuracy | Precision | Recall | F1 |
|---|---|---|---|
| 80.4% | 77.0% | 80.3% | 78.6% |

В датасете есть почти дубли технологий (нейроморфные чипы, федеративное обучение и др.), поэтому цифра слегка оптимистична. Рядом приводится жёсткая проверка на неизвестной теме.

## Жёсткая проверка на неизвестной теме (leave-one-theme-out)

Выборка: 223 примеров (100 слабых сигналов из датасета, 123 негативов). Проверка: leave-one-theme-out — модель обучается на пяти темах и проверяется на шестой.

| Метрика | Детектор | Априорные веса (бейзлайн) |
|---|---|---|
| Accuracy | 78.9% | 70.0% |
| Precision (слабый сигнал) | 76.2% | — |
| Recall (слабый сигнал) | 77.0% | — |
| F1 | 76.6% | 72.2% |
| ROC AUC | 0.848 | — |

Матрица ошибок [[TN, FP], [FN, TP]]: [[99, 24], [23, 77]]

## Стадия и тренд против разметки датасета

- Стадия, точное совпадение: 25.0%; с допуском ±1: 59.0%
- Тренд (быстрый рост / рост): 60.0%
- Балл «стадия + тренд», точно: 27.0%; ±1: 65.0%

## По темам (тема не участвовала в обучении)

| Тема | n | Accuracy | Recall слабых |
|---|---|---|---|
| Edge | 36 | 75.0% | 81.2% |
| Защита ИИ | 36 | 83.3% | 81.2% |
| Индустриальный ИИ | 36 | 86.1% | 82.4% |
| Инфраструктура ИИ | 41 | 73.2% | 76.5% |
| Роботы | 35 | 71.4% | 47.1% |
| Финтех | 39 | 84.6% | 94.1% |

## Веса признаков (итоговая модель)

| Признак | Вес |
|---|---|
| Ускорение научных публикаций | +0.418 |
| Репозитории всего | -0.313 |
| Насыщенный новостной поток | -0.299 |
| Новые репозитории за год | -0.248 |
| Объём научных публикаций | -0.244 |
| Рост новостей год к году | +0.244 |
| Упоминания рынка и лидеров | -0.227 |
| Новости о раундах финансирования | +0.162 |
| Возраст темы в науке | -0.116 |
| Доля пресс-релизов и агрегаторов | +0.114 |
| Независимость источников | -0.105 |
| Новости за 12 месяцев | -0.103 |
| Доля публикаций за 2 года | +0.070 |
| Возраст статьи в Википедии | -0.063 |
| Всплеск новостей (автомат Клейнберга) | +0.040 |
| Доля массовых СМИ | -0.001 |
